
=== YELLOW 2024 ===
  2024-01  ya existe, se omite
  2024-02  ya existe, se omite
  2024-03  ya existe, se omite
  2024-04  ya existe, se omite
  2024-05  ya existe, se omite
  2024-06  ya existe, se omite
  2024-07  ya existe, se omite
  2024-08  ya existe, se omite
  2024-09  ya existe, se omite
  2024-10  ya existe, se omite
  2024-11  ya existe, se omite
  2024-12  ya existe, se omite

=== GREEN 2024 ===
  2024-01  ya existe, se omite
  2024-02  ya existe, se omite
  2024-03  ya existe, se omite
  2024-04  ya existe, se omite
  2024-05  ya existe, se omite
  2024-06  ya existe, se omite
  2024-07  ya existe, se omite
  2024-08  ya existe, se omite
  2024-09  ya existe, se omite
  2024-10  ya existe, se omite
  2024-11  ya existe, se omite
  2024-12  ya existe, se omite

=== YELLOW 2025 ===
  2025-01  ya existe, se omite
  2025-02  ya existe, se omite
  2025-03  ya existe, se omite
  2025-04  ya existe, se omite
  2025-05  ya existe, se omite
  2025-06  ya existe, se omite
  2025-07  ya existe, se omite
  2025-08  ya existe, se omite
  2025-09  ya existe, se omite
  2025-10  ya existe, se omite
  2025-11  ya existe, se omite
  2025-12  ya existe, se omite

=== GREEN 2025 ===
  2025-01  ya existe, se omite
  2025-02  ya existe, se omite
  2025-03  ya existe, se omite
  2025-04  ya existe, se omite
  2025-05  ya existe, se omite
  2025-06  ya existe, se omite
  2025-07  ya existe, se omite
  2025-08  ya existe, se omite
  2025-09  ya existe, se omite
  2025-10  ya existe, se omite
  2025-11  ya existe, se omite
  2025-12  ya existe, se omite

=== YELLOW 2026 ===
  2026-01  ya existe, se omite
  2026-02  ya existe, se omite
  2026-03  ya existe, se omite
  2026-04  ya existe, se omite
  2026-05  ya existe, se omite
  2026-06  ya existe, se omite
  2026-07  ya existe, se omite
  2026-08  ya existe, se omite
  2026-09  aun no publicado por la TLC
  2026-10  aun no publicado por la TLC
  2026-11  aun no publicado por la TLC
  2026-12  aun no publicado por la TLC

=== GREEN 2026 ===
  2026-01  ya existe, se omite
  2026-02  ya existe, se omite
  2026-03  ya existe, se omite
  2026-04  ya existe, se omite
  2026-05  ya existe, se omite
  2026-06  ya existe, se omite
  2026-07  ya existe, se omite
  2026-08  ya existe, se omite
  2026-09  aun no publicado por la TLC
  2026-10  aun no publicado por la TLC
  2026-11  aun no publicado por la TLC
  2026-12  aun no publicado por la TLC

Tabla de zonas ya existe: data/raw/zones/taxi_zone_lookup.csv

============================================================
RESUMEN
============================================================
  descargados   : 0
  ya existian   : 64
  no publicados : 8
      yellow 2026-09, yellow 2026-10, yellow 2026-11, yellow 2026-12, green 2026-09, green 2026-10, green 2026-11, green 2026-12
  fallidos      : 0
============================================================
